mke2fs 1.47.0 (5-Feb-2023)
fs_types for mke2fs.conf resolution: 'ext4'
Discarding device blocks:       0/4194304               done                            
Filesystem label=
OS type: Linux
Block size=4096 (log=2)
Fragment size=4096 (log=2)
Stride=0 blocks, Stripe width=0 blocks
1048576 inodes, 4194304 blocks
209715 blocks (5.00%) reserved for the super user
First data block=0
Maximum filesystem blocks=2151677952
128 block groups
32768 blocks per group, 32768 fragments per group
8192 inodes per group
Filesystem UUID: 09d6950a-91d9-4eed-9745-7ae589b9fc5d
Superblock backups stored on blocks: 
	32768, 98304, 163840, 229376, 294912, 819200, 884736, 1605632, 2654208, 
	4096000

Allocating group tables:   0/128       done                            
Writing inode tables:   0/128       done                            
Creating journal (32768 blocks): done
Writing superblocks and filesystem accounting information:   0/128       done

